[     642ms] Uncaught TypeError: Cannot read properties of undefined (reading 'getTech')
    at <anonymous> (https://googleads.github.io/videojs-ima/node_modules/videojs-contrib-ads/dist/videojs.ads.min.js:1:20415)
    at <anonymous> (https://googleads.github.io/videojs-ima/node_modules/videojs-contrib-ads/dist/videojs.ads.min.js:1:283)
    at <anonymous> (https://googleads.github.io/videojs-ima/node_modules/videojs-contrib-ads/dist/videojs.ads.min.js:1:316)
[     646ms] Uncaught TypeError: Cannot read properties of undefined (reading 'registerPlugin')
    at <anonymous> (https://googleads.github.io/videojs-ima/dist/videojs.ima.js:3737:31)
    at <anonymous> (https://googleads.github.io/videojs-ima/dist/videojs.ima.js:3:2)
    at <anonymous> (https://googleads.github.io/videojs-ima/dist/videojs.ima.js:4:1)
[     651ms] [WARNING] A parser-blocking, cross site (i.e. different eTLD+1) script, https://imagesrv.adition.com/js/srp.js, is invoked via document.write. The network request for this script MAY be blocked by the browser in this or a future page load due to poor network connectivity. If blocked in this page load, it will be confirmed in a subsequent console message. See https://www.chromestatus.com/feature/5718547946799104 for more details. @ https://www.efl.com/js/addition.js:7
[     651ms] [WARNING] A parser-blocking, cross site (i.e. different eTLD+1) script, https://imagesrv.adition.com/js/srp.js, is invoked via document.write. The network request for this script MAY be blocked by the browser in this or a future page load due to poor network connectivity. If blocked in this page load, it will be confirmed in a subsequent console message. See https://www.chromestatus.com/feature/5718547946799104 for more details. @ https://www.efl.com/js/addition.js:7
[    1296ms] [LOG] gcAuth initialised with provider: GamechangerSSO @ https://www.efl.com/_nuxt/3e75f6e69d54f8e9aa24.js:0
[    1296ms] [LOG] gcImageHandler v2 initialised @ https://www.efl.com/_nuxt/3e75f6e69d54f8e9aa24.js:0
[    1297ms] [LOG] gcVideoHandler uzStreamline initialised @ https://www.efl.com/_nuxt/3e75f6e69d54f8e9aa24.js:0
[    1298ms] [LOG] Cookie secure flag set to FALSE @ https://www.efl.com/_nuxt/3e75f6e69d54f8e9aa24.js:0
[    1298ms] [LOG] Domain: efl.com @ https://www.efl.com/_nuxt/3e75f6e69d54f8e9aa24.js:0
[    1689ms] [ERROR] Access to XMLHttpRequest at 'https://webapi.gc.eflservices.co.uk/v1/pages/byfullpath?fullPath=carabao-cup/fixtures' from origin 'https://www.efl.com' has been blocked by CORS policy: No 'Access-Control-Allow-Origin' header is present on the requested resource. @ https://www.efl.com/carabao-cup/fixtures/:0
[    1740ms] [ERROR] 404: Post not found @ https://www.efl.com/_nuxt/3e75f6e69d54f8e9aa24.js:0
[    1781ms] [INFO] Gamechanger version:  1.27.3 @ https://www.efl.com/_nuxt/3e75f6e69d54f8e9aa24.js:0
[    1781ms] [LOG] Route {name: subpage1-slug, meta: Object, path: /carabao-cup/fixtures/, hash: , query: Object} @ https://www.efl.com/_nuxt/3e75f6e69d54f8e9aa24.js:0
[    1782ms] [LOG] SSO Provider GamechangerSSO @ https://www.efl.com/_nuxt/3e75f6e69d54f8e9aa24.js:0
[    1782ms] [LOG] Video Provider uzStreamline @ https://www.efl.com/_nuxt/3e75f6e69d54f8e9aa24.js:0
[    1784ms] [LOG] No user logged in @ https://www.efl.com/_nuxt/3e75f6e69d54f8e9aa24.js:0
[    1801ms] [LOG] payload.loginCheckCompleted true @ https://www.efl.com/_nuxt/3e75f6e69d54f8e9aa24.js:0
[    1813ms] [WARNING] pages [Object, Object, Object, Object, Object, Object, Object, Object, Object, Object, Object, Object, Object, Object, Object, Object, Object, Object, Object, Object, Object] @ https://www.efl.com/_nuxt/3e75f6e69d54f8e9aa24.js:0
[    1877ms] [ERROR] Failed to load resource: net::ERR_FAILED @ https://webapi.gc.eflservices.co.uk/v1/pages/byfullpath?fullPath=carabao-cup/fixtures:0
[    3769ms] [LOG] Sync Dislpay Host: ->  https://sync.ecal.com @ https://sync.ecal.com/button/v1/main.js?t=1787591079227:0
[    3770ms] [LOG] Sync Dislpay Host: ->  https://sync.ecal.com @ https://sync.ecal.com/button/v1/main.js?t=1787591079227:0
[    4600ms] [WARNING] Please gsap.registerPlugin(CustomEase) @ https://sync.ecal.com/assets/index-D_0BUrW1.js:95
[    4604ms] [WARNING] Please gsap.registerPlugin(CustomEase) @ https://sync.ecal.com/assets/index-D_0BUrW1.js:95
[    4604ms] [WARNING] Please gsap.registerPlugin(CustomEase) @ https://sync.ecal.com/assets/index-D_0BUrW1.js:95
[    4606ms] [WARNING] Please gsap.registerPlugin(CustomEase) @ https://sync.ecal.com/assets/index-D_0BUrW1.js:95
[    4607ms] [WARNING] Please gsap.registerPlugin(CustomEase) @ https://sync.ecal.com/assets/index-D_0BUrW1.js:95
[    4608ms] [WARNING] Please gsap.registerPlugin(CustomEase) @ https://sync.ecal.com/assets/index-D_0BUrW1.js:95
[    4609ms] [WARNING] Please gsap.registerPlugin(CustomEase) @ https://sync.ecal.com/assets/index-D_0BUrW1.js:95
[    4612ms] [WARNING] Please gsap.registerPlugin(CustomEase) @ https://sync.ecal.com/assets/index-D_0BUrW1.js:95
[    4780ms] [WARNING] ⚠️ React Router Future Flag Warning: React Router will begin wrapping state updates in `React.startTransition` in v7. You can use the `v7_startTransition` future flag to opt-in early. For more information, see https://reactrouter.com/v6/upgrading/future#v7_starttransition. @ https://sync.ecal.com/assets/vendor-Djvtic0X.js:164
[    4781ms] [WARNING] ⚠️ React Router Future Flag Warning: Relative route resolution within Splat routes is changing in v7. You can use the `v7_relativeSplatPath` future flag to opt-in early. For more information, see https://reactrouter.com/v6/upgrading/future#v7_relativesplatpath. @ https://sync.ecal.com/assets/vendor-Djvtic0X.js:164
